// Jest Snapshot v1, https://goo.gl/fbAQLP

exports[`renders correctly when the level is 0 1`] = `
<View
  style={
    Object {
      "zIndex": 4,
    }
  }
>
  <Image
    nativeID="chicken-walkUp"
    source={
      Object {
        "testUri": "../../../assets/chicken-run-back.gif",
      }
    }
    style={
      Object {
        "alignSelf": "center",
        "height": 82,
        "position": "absolute",
        "top": 0,
        "width": 100,
      }
    }
  />
</View>
`;
