// Jest Snapshot v1, https://goo.gl/fbAQLP

exports[`renders correctly when the level is 0 1`] = `
<Image
  nativeID="chicken-walkUp"
  style={
    Object {
      "height": 72.5,
      "left": 0,
      "position": "absolute",
      "resizeMode": "stretch",
      "top": 0,
      "width": 88,
      "zIndex": 8,
    }
  }
/>
`;

exports[`renders correctly when the level is 1 1`] = `
<Image
  nativeID="chicken-walkUp"
  style={
    Object {
      "height": 72.5,
      "left": 0,
      "position": "absolute",
      "resizeMode": "stretch",
      "top": 0,
      "width": 88,
      "zIndex": 8,
    }
  }
/>
`;
